###############################################################################
#
# IAR ELF Linker V9.32.1.338/W64 for ARM                  20/Dec/2023  13:55:36
# Copyright 2007-2022 IAR Systems AB.
#
#    Output file  =
#        F:\Ongoing
#        Project\STM32G474_FKLibrary\EWARM\STM32G474_FKLibrary\Exe\STM32G474_FKLibrary.out
#    Map file     =
#        F:\Ongoing
#        Project\STM32G474_FKLibrary\EWARM\STM32G474_FKLibrary\List\STM32G474_FKLibrary.map
#    Command line =
#        -f "F:\Ongoing
#        Project\STM32G474_FKLibrary\EWARM\STM32G474_FKLibrary\Exe\STM32G474_FKLibrary.out.rsp"
#        ("F:\Ongoing
#        Project\STM32G474_FKLibrary\EWARM\STM32G474_FKLibrary\Obj\Application\User\Module\CRC\crc_drv.o"
#        "F:\Ongoing
#        Project\STM32G474_FKLibrary\EWARM\STM32G474_FKLibrary\Obj\Application\User\Module\CRC\crc_glb_vars.o"
#        "F:\Ongoing
#        Project\STM32G474_FKLibrary\EWARM\STM32G474_FKLibrary\Obj\Application\User\Module\CRC\crc_init.o"
#        "F:\Ongoing
#        Project\STM32G474_FKLibrary\EWARM\STM32G474_FKLibrary\Obj\Application\User\Module\CRC\crc_task.o"
#        "F:\Ongoing
#        Project\STM32G474_FKLibrary\EWARM\STM32G474_FKLibrary\Obj\Application\User\Module\FK\fk_drv.o"
#        "F:\Ongoing
#        Project\STM32G474_FKLibrary\EWARM\STM32G474_FKLibrary\Obj\Application\User\Module\FK\fk_glb_vars.o"
#        "F:\Ongoing
#        Project\STM32G474_FKLibrary\EWARM\STM32G474_FKLibrary\Obj\Application\User\Module\FK\fk_init.o"
#        "F:\Ongoing
#        Project\STM32G474_FKLibrary\EWARM\STM32G474_FKLibrary\Obj\Application\User\Module\FK\fk_task.o"
#        "F:\Ongoing
#        Project\STM32G474_FKLibrary\EWARM\STM32G474_FKLibrary\Obj\Application\User\Module\HBTC\hbtc_drv.o"
#        "F:\Ongoing
#        Project\STM32G474_FKLibrary\EWARM\STM32G474_FKLibrary\Obj\Application\User\Module\HBTC\hbtc_glb_vars.o"
#        "F:\Ongoing
#        Project\STM32G474_FKLibrary\EWARM\STM32G474_FKLibrary\Obj\Application\User\Module\HBTC\hbtc_init.o"
#        "F:\Ongoing
#        Project\STM32G474_FKLibrary\EWARM\STM32G474_FKLibrary\Obj\Application\User\Module\HBTC\hbtc_task.o"
#        "F:\Ongoing
#        Project\STM32G474_FKLibrary\EWARM\STM32G474_FKLibrary\Obj\Application\User\Core\main.o"
#        "F:\Ongoing
#        Project\STM32G474_FKLibrary\EWARM\STM32G474_FKLibrary\Obj\Application\User\Module\MODBUS_SLAVE\modbus_slave_drv.o"
#        "F:\Ongoing
#        Project\STM32G474_FKLibrary\EWARM\STM32G474_FKLibrary\Obj\Application\User\Module\MODBUS_SLAVE\modbus_slave_glb_vars.o"
#        "F:\Ongoing
#        Project\STM32G474_FKLibrary\EWARM\STM32G474_FKLibrary\Obj\Application\User\Module\MODBUS_SLAVE\modbus_slave_init.o"
#        "F:\Ongoing
#        Project\STM32G474_FKLibrary\EWARM\STM32G474_FKLibrary\Obj\Application\User\Module\MODBUS_SLAVE\modbus_slave_task.o"
#        "F:\Ongoing
#        Project\STM32G474_FKLibrary\EWARM\STM32G474_FKLibrary\Obj\Application\User\Module\PFC\pfc_drv.o"
#        "F:\Ongoing
#        Project\STM32G474_FKLibrary\EWARM\STM32G474_FKLibrary\Obj\Application\User\Module\PFC\pfc_glb_vars.o"
#        "F:\Ongoing
#        Project\STM32G474_FKLibrary\EWARM\STM32G474_FKLibrary\Obj\Application\User\Module\PFC\pfc_init.o"
#        "F:\Ongoing
#        Project\STM32G474_FKLibrary\EWARM\STM32G474_FKLibrary\Obj\Application\User\Module\PFC\pfc_task.o"
#        "F:\Ongoing
#        Project\STM32G474_FKLibrary\EWARM\STM32G474_FKLibrary\Obj\Application\User\Module\PFC\pfc_udef.o"
#        "F:\Ongoing
#        Project\STM32G474_FKLibrary\EWARM\STM32G474_FKLibrary\Obj\Application\EWARM\startup_stm32g474xx.o"
#        "F:\Ongoing
#        Project\STM32G474_FKLibrary\EWARM\STM32G474_FKLibrary\Obj\Drivers\STM32G4xx_HAL_Driver\stm32g4xx_hal.o"
#        "F:\Ongoing
#        Project\STM32G474_FKLibrary\EWARM\STM32G474_FKLibrary\Obj\Drivers\STM32G4xx_HAL_Driver\stm32g4xx_hal_cortex.o"
#        "F:\Ongoing
#        Project\STM32G474_FKLibrary\EWARM\STM32G474_FKLibrary\Obj\Drivers\STM32G4xx_HAL_Driver\stm32g4xx_hal_dma.o"
#        "F:\Ongoing
#        Project\STM32G474_FKLibrary\EWARM\STM32G474_FKLibrary\Obj\Drivers\STM32G4xx_HAL_Driver\stm32g4xx_hal_dma_ex.o"
#        "F:\Ongoing
#        Project\STM32G474_FKLibrary\EWARM\STM32G474_FKLibrary\Obj\Drivers\STM32G4xx_HAL_Driver\stm32g4xx_hal_exti.o"
#        "F:\Ongoing
#        Project\STM32G474_FKLibrary\EWARM\STM32G474_FKLibrary\Obj\Drivers\STM32G4xx_HAL_Driver\stm32g4xx_hal_flash.o"
#        "F:\Ongoing
#        Project\STM32G474_FKLibrary\EWARM\STM32G474_FKLibrary\Obj\Drivers\STM32G4xx_HAL_Driver\stm32g4xx_hal_flash_ex.o"
#        "F:\Ongoing
#        Project\STM32G474_FKLibrary\EWARM\STM32G474_FKLibrary\Obj\Drivers\STM32G4xx_HAL_Driver\stm32g4xx_hal_flash_ramfunc.o"
#        "F:\Ongoing
#        Project\STM32G474_FKLibrary\EWARM\STM32G474_FKLibrary\Obj\Drivers\STM32G4xx_HAL_Driver\stm32g4xx_hal_gpio.o"
#        "F:\Ongoing
#        Project\STM32G474_FKLibrary\EWARM\STM32G474_FKLibrary\Obj\Application\User\Core\stm32g4xx_hal_msp.o"
#        "F:\Ongoing
#        Project\STM32G474_FKLibrary\EWARM\STM32G474_FKLibrary\Obj\Drivers\STM32G4xx_HAL_Driver\stm32g4xx_hal_pwr.o"
#        "F:\Ongoing
#        Project\STM32G474_FKLibrary\EWARM\STM32G474_FKLibrary\Obj\Drivers\STM32G4xx_HAL_Driver\stm32g4xx_hal_pwr_ex.o"
#        "F:\Ongoing
#        Project\STM32G474_FKLibrary\EWARM\STM32G474_FKLibrary\Obj\Drivers\STM32G4xx_HAL_Driver\stm32g4xx_hal_rcc.o"
#        "F:\Ongoing
#        Project\STM32G474_FKLibrary\EWARM\STM32G474_FKLibrary\Obj\Drivers\STM32G4xx_HAL_Driver\stm32g4xx_hal_rcc_ex.o"
#        "F:\Ongoing
#        Project\STM32G474_FKLibrary\EWARM\STM32G474_FKLibrary\Obj\Drivers\STM32G4xx_HAL_Driver\stm32g4xx_hal_tim.o"
#        "F:\Ongoing
#        Project\STM32G474_FKLibrary\EWARM\STM32G474_FKLibrary\Obj\Drivers\STM32G4xx_HAL_Driver\stm32g4xx_hal_tim_ex.o"
#        "F:\Ongoing
#        Project\STM32G474_FKLibrary\EWARM\STM32G474_FKLibrary\Obj\Drivers\STM32G4xx_HAL_Driver\stm32g4xx_hal_uart.o"
#        "F:\Ongoing
#        Project\STM32G474_FKLibrary\EWARM\STM32G474_FKLibrary\Obj\Drivers\STM32G4xx_HAL_Driver\stm32g4xx_hal_uart_ex.o"
#        "F:\Ongoing
#        Project\STM32G474_FKLibrary\EWARM\STM32G474_FKLibrary\Obj\Application\User\Core\stm32g4xx_it.o"
#        "F:\Ongoing
#        Project\STM32G474_FKLibrary\EWARM\STM32G474_FKLibrary\Obj\Drivers\CMSIS\system_stm32g4xx.o"
#        --redirect _Printf=_PrintfFull --redirect _Scanf=_ScanfFull
#        --no_out_extension -o "F:\Ongoing
#        Project\STM32G474_FKLibrary\EWARM\STM32G474_FKLibrary\Exe\STM32G474_FKLibrary.out"
#        --map "F:\Ongoing
#        Project\STM32G474_FKLibrary\EWARM\STM32G474_FKLibrary\List\STM32G474_FKLibrary.map"
#        --config "F:\Ongoing
#        Project\STM32G474_FKLibrary\EWARM/stm32g474xx_flash.icf" --semihosting
#        --entry __iar_program_start --vfe --text_out locale --cpu=Cortex-M4
#        --fpu=VFPv4_sp)
#
###############################################################################

*******************************************************************************
*** RUNTIME MODEL ATTRIBUTES
***

CppFlavor       = *
__CPP_Runtime   = 1
__SystemLibrary = DLib
__dlib_version  = 6


*******************************************************************************
*** HEAP SELECTION
***

The basic heap was selected because --advanced_heap
was not specified and the application did not appear to
be primarily optimized for speed.


*******************************************************************************
*** PLACEMENT SUMMARY
***

"A0":  place at address 0x800'0000 { ro section .intvec };
"P1":  place in [from 0x800'0000 to 0x807'ffff] { ro };
define block CSTACK with size = 1K, alignment = 8 { };
define block HEAP with size = 512, alignment = 8 { };
"P2":  place in [from 0x2000'0000 to 0x2001'ffff] {
          rw, block CSTACK, block HEAP };
initialize by copy { rw };

  Section            Kind         Address    Size  Object
  -------            ----         -------    ----  ------
"A0":                                       0x1d8
  .intvec            ro code   0x800'0000   0x1d8  startup_stm32g474xx.o [1]
                             - 0x800'01d8   0x1d8

"P1":                                      0x4818
  .text              ro code   0x800'01d8   0xd20  stm32g4xx_hal_uart.o [9]
  .text              ro code   0x800'0ef8   0x140  stm32g4xx_hal_msp.o [2]
  .text              ro code   0x800'1038   0x814  stm32g4xx_hal_rcc.o [9]
  .text              ro code   0x800'184c   0x230  I64DivMod.o [12]
  .text              ro code   0x800'1a7c     0xc  stm32g4xx_hal.o [9]
  .text              ro code   0x800'1a88     0x2  stm32g4xx_hal_uart.o [9]
  .text              ro code   0x800'1a8a     0x2  stm32g4xx_hal_uart.o [9]
  .text              ro code   0x800'1a8c     0x2  stm32g4xx_hal_uart.o [9]
  .text              ro code   0x800'1a8e    0x7e  lz77_init_single.o [12]
  .text              ro code   0x800'1b0c   0x114  stm32g4xx_hal_pwr_ex.o [9]
  .text              ro code   0x800'1c20   0x150  stm32g4xx_hal_cortex.o [9]
  .text              ro code   0x800'1d70    0x66  ABImemset.o [12]
  .rodata            const     0x800'1dd6     0x2  modbus_slave_glb_vars.o [6]
  .text              ro code   0x800'1dd8   0x36c  stm32g4xx_hal_rcc_ex.o [9]
  .text              ro code   0x800'2144   0x2d8  main.o [2]
  .text              ro code   0x800'241c   0x208  stm32g4xx_hal_gpio.o [9]
  .text              ro code   0x800'2624    0x60  stm32g4xx_hal.o [9]
  .text              ro code   0x800'2684     0x2  I64DivZer.o [12]
  .text              ro code   0x800'2688    0x24  stm32g4xx_hal.o [9]
  .text              ro code   0x800'26ac    0x86  ABImemcpy.o [12]
  .text              ro code   0x800'2734    0x34  pfc_init.o [7]
  .text              ro code   0x800'2768     0xc  hbtc_init.o [5]
  .text              ro code   0x800'2774    0x74  modbus_slave_init.o [6]
  .text              ro code   0x800'27e8     0xc  crc_init.o [3]
  .text              ro code   0x800'27f4   0x5d2  stm32g4xx_hal_tim.o [9]
  .text              ro code   0x800'2dc8    0xe0  stm32g4xx_hal_tim_ex.o [9]
  .text              ro code   0x800'2ea8   0x170  stm32g4xx_hal_uart_ex.o [9]
  .text              ro code   0x800'3018    0x48  pfc_drv.o [7]
  .text              ro code   0x800'3060   0x210  pfc_glb_vars.o [7]
  .text              ro code   0x800'3270   0x182  fk_task.o [4]
  .text              ro code   0x800'33f4    0x20  hbtc_drv.o [5]
  .text              ro code   0x800'3414    0x3c  hbtc_glb_vars.o [5]
  .text              ro code   0x800'3450    0x64  modbus_slave_drv.o [6]
  .text              ro code   0x800'34b4    0x44  modbus_slave_glb_vars.o [6]
  .text              ro code   0x800'34f8     0x2  crc_drv.o [3]
  .text              ro code   0x800'34fa     0x2  crc_glb_vars.o [3]
  .text              ro code   0x800'34fc     0x2  stm32g4xx_hal_tim.o [9]
  .text              ro code   0x800'34fe     0x2  stm32g4xx_hal_tim.o [9]
  .text              ro code   0x800'3500     0x2  stm32g4xx_hal_tim.o [9]
  .text              ro code   0x800'3502     0x2  stm32g4xx_hal_tim.o [9]
  .text              ro code   0x800'3504     0x2  stm32g4xx_hal_tim_ex.o [9]
  .text              ro code   0x800'3506     0x2  stm32g4xx_hal_tim_ex.o [9]
  .text              ro code   0x800'3508     0x2  stm32g4xx_hal_tim.o [9]
  .text              ro code   0x800'350a     0x2  stm32g4xx_hal_tim_ex.o [9]
  .text              ro code   0x800'350c     0x2  stm32g4xx_hal_tim_ex.o [9]
  .text              ro code   0x800'350e     0x2  stm32g4xx_hal_tim_ex.o [9]
  .text              ro code   0x800'3510     0x2  stm32g4xx_hal_tim_ex.o [9]
  .text              ro code   0x800'3512     0x2  stm32g4xx_hal_tim_ex.o [9]
  .text              ro code   0x800'3514    0x6c  pfc_task.o [7]
  .text              ro code   0x800'3580   0x9c8  modbus_slave_task.o [6]
  .text              ro code   0x800'3f48    0x9c  hbtc_task.o [5]
  .text              ro code   0x800'3fe4    0x4c  crc_task.o [3]
  .rodata            const     0x800'4030   0x29c  modbus_slave_glb_vars.o [6]
  .rodata            const     0x800'42cc   0x190  modbus_slave_glb_vars.o [6]
  .text              ro code   0x800'445c    0xd8  stm32g4xx_it.o [2]
  .text              ro code   0x800'4534    0x18  stm32g4xx_hal.o [9]
  .text              ro code   0x800'454c    0x38  zero_init3.o [12]
  .text              ro code   0x800'4584    0x28  data_init.o [12]
  .text              ro code   0x800'45ac    0x22  fpinit_M.o [11]
  .iar.init_table    const     0x800'45d0    0x20  - Linker created -
  .text              ro code   0x800'45f0    0x1e  cmain.o [12]
  .text              ro code   0x800'460e     0x4  low_level_init.o [10]
  .text              ro code   0x800'4612     0x4  exit.o [10]
  .text              ro code   0x800'4618     0xa  cexit.o [12]
  .text              ro code   0x800'4624    0x14  exit.o [13]
  .text              ro code   0x800'4638    0x1c  cstartup_M.o [12]
  .rodata            const     0x800'4654    0x18  stm32g4xx_hal_uart.o [9]
  .rodata            const     0x800'466c    0x14  pfc_glb_vars.o [7]
  .rodata            const     0x800'4680    0x10  pfc_glb_vars.o [7]
  .rodata            const     0x800'4690    0x10  pfc_glb_vars.o [7]
  .rodata            const     0x800'46a0    0x10  pfc_glb_vars.o [7]
  .rodata            const     0x800'46b0    0x10  system_stm32g4xx.o [8]
  .text              ro code   0x800'46c0    0x10  startup_stm32g474xx.o [1]
  .text              ro code   0x800'46d0    0x10  system_stm32g4xx.o [8]
  .rodata            const     0x800'46e0     0xc  pfc_glb_vars.o [7]
  .rodata            const     0x800'46ec     0xc  pfc_glb_vars.o [7]
  .rodata            const     0x800'46f8     0x8  modbus_slave_glb_vars.o [6]
  .rodata            const     0x800'4700     0x8  stm32g4xx_hal_uart_ex.o [9]
  .rodata            const     0x800'4708     0x8  stm32g4xx_hal_uart_ex.o [9]
  .rodata            const     0x800'4710     0x8  system_stm32g4xx.o [8]
  .text              ro code   0x800'4718     0x4  startup_stm32g474xx.o [1]
  .text              ro code   0x800'471c     0x4  startup_stm32g474xx.o [1]
  .text              ro code   0x800'4720     0x4  startup_stm32g474xx.o [1]
  .text              ro code   0x800'4724     0x4  startup_stm32g474xx.o [1]
  .text              ro code   0x800'4728     0x4  startup_stm32g474xx.o [1]
  .text              ro code   0x800'472c     0x4  startup_stm32g474xx.o [1]
  .text              ro code   0x800'4730     0x4  startup_stm32g474xx.o [1]
  .text              ro code   0x800'4734     0x4  startup_stm32g474xx.o [1]
  .text              ro code   0x800'4738     0x4  startup_stm32g474xx.o [1]
  .text              ro code   0x800'473c     0x4  startup_stm32g474xx.o [1]
  .text              ro code   0x800'4740     0x4  startup_stm32g474xx.o [1]
  .text              ro code   0x800'4744     0x4  startup_stm32g474xx.o [1]
  .text              ro code   0x800'4748     0x4  startup_stm32g474xx.o [1]
  .text              ro code   0x800'474c     0x4  startup_stm32g474xx.o [1]
  .text              ro code   0x800'4750     0x4  startup_stm32g474xx.o [1]
  .text              ro code   0x800'4754     0x4  startup_stm32g474xx.o [1]
  .text              ro code   0x800'4758     0x4  startup_stm32g474xx.o [1]
  .text              ro code   0x800'475c     0x4  startup_stm32g474xx.o [1]
  .text              ro code   0x800'4760     0x4  startup_stm32g474xx.o [1]
  .text              ro code   0x800'4764     0x4  startup_stm32g474xx.o [1]
  .text              ro code   0x800'4768     0x4  startup_stm32g474xx.o [1]
  .text              ro code   0x800'476c     0x4  startup_stm32g474xx.o [1]
  .text              ro code   0x800'4770     0x4  startup_stm32g474xx.o [1]
  .text              ro code   0x800'4774     0x4  startup_stm32g474xx.o [1]
  .text              ro code   0x800'4778     0x4  startup_stm32g474xx.o [1]
  .text              ro code   0x800'477c     0x4  startup_stm32g474xx.o [1]
  .text              ro code   0x800'4780     0x4  startup_stm32g474xx.o [1]
  .text              ro code   0x800'4784     0x4  startup_stm32g474xx.o [1]
  .text              ro code   0x800'4788     0x4  startup_stm32g474xx.o [1]
  .text              ro code   0x800'478c     0x4  startup_stm32g474xx.o [1]
  .text              ro code   0x800'4790     0x4  startup_stm32g474xx.o [1]
  .text              ro code   0x800'4794     0x4  startup_stm32g474xx.o [1]
  .text              ro code   0x800'4798     0x4  startup_stm32g474xx.o [1]
  .text              ro code   0x800'479c     0x4  startup_stm32g474xx.o [1]
  .text              ro code   0x800'47a0     0x4  startup_stm32g474xx.o [1]
  .text              ro code   0x800'47a4     0x4  startup_stm32g474xx.o [1]
  .text              ro code   0x800'47a8     0x4  startup_stm32g474xx.o [1]
  .text              ro code   0x800'47ac     0x4  startup_stm32g474xx.o [1]
  .text              ro code   0x800'47b0     0x4  startup_stm32g474xx.o [1]
  .text              ro code   0x800'47b4     0x4  startup_stm32g474xx.o [1]
  .text              ro code   0x800'47b8     0x4  startup_stm32g474xx.o [1]
  .text              ro code   0x800'47bc     0x4  startup_stm32g474xx.o [1]
  .text              ro code   0x800'47c0     0x4  startup_stm32g474xx.o [1]
  .text              ro code   0x800'47c4     0x4  startup_stm32g474xx.o [1]
  .text              ro code   0x800'47c8     0x4  startup_stm32g474xx.o [1]
  .text              ro code   0x800'47cc     0x4  startup_stm32g474xx.o [1]
  .text              ro code   0x800'47d0     0x4  startup_stm32g474xx.o [1]
  .text              ro code   0x800'47d4     0x4  startup_stm32g474xx.o [1]
  .text              ro code   0x800'47d8     0x4  startup_stm32g474xx.o [1]
  .text              ro code   0x800'47dc     0x4  startup_stm32g474xx.o [1]
  .text              ro code   0x800'47e0     0x4  startup_stm32g474xx.o [1]
  .text              ro code   0x800'47e4     0x4  startup_stm32g474xx.o [1]
  .text              ro code   0x800'47e8     0x4  startup_stm32g474xx.o [1]
  .text              ro code   0x800'47ec     0x4  startup_stm32g474xx.o [1]
  .text              ro code   0x800'47f0     0x4  startup_stm32g474xx.o [1]
  .text              ro code   0x800'47f4     0x4  startup_stm32g474xx.o [1]
  .text              ro code   0x800'47f8     0x4  startup_stm32g474xx.o [1]
  .text              ro code   0x800'47fc     0x4  startup_stm32g474xx.o [1]
  .text              ro code   0x800'4800     0x4  startup_stm32g474xx.o [1]
  .text              ro code   0x800'4804     0x4  startup_stm32g474xx.o [1]
  .text              ro code   0x800'4808     0x4  startup_stm32g474xx.o [1]
  .text              ro code   0x800'480c     0x4  startup_stm32g474xx.o [1]
  .text              ro code   0x800'4810     0x4  startup_stm32g474xx.o [1]
  .text              ro code   0x800'4814     0x4  startup_stm32g474xx.o [1]
  .text              ro code   0x800'4818     0x4  startup_stm32g474xx.o [1]
  .text              ro code   0x800'481c     0x4  startup_stm32g474xx.o [1]
  .text              ro code   0x800'4820     0x4  startup_stm32g474xx.o [1]
  .text              ro code   0x800'4824     0x4  startup_stm32g474xx.o [1]
  .text              ro code   0x800'4828     0x4  startup_stm32g474xx.o [1]
  .text              ro code   0x800'482c     0x4  startup_stm32g474xx.o [1]
  .text              ro code   0x800'4830     0x4  startup_stm32g474xx.o [1]
  .text              ro code   0x800'4834     0x4  startup_stm32g474xx.o [1]
  .text              ro code   0x800'4838     0x4  startup_stm32g474xx.o [1]
  .text              ro code   0x800'483c     0x4  startup_stm32g474xx.o [1]
  .text              ro code   0x800'4840     0x4  startup_stm32g474xx.o [1]
  .text              ro code   0x800'4844     0x4  startup_stm32g474xx.o [1]
  .text              ro code   0x800'4848     0x4  startup_stm32g474xx.o [1]
  .text              ro code   0x800'484c     0x4  startup_stm32g474xx.o [1]
  .text              ro code   0x800'4850     0x4  startup_stm32g474xx.o [1]
  .text              ro code   0x800'4854     0x4  startup_stm32g474xx.o [1]
  .text              ro code   0x800'4858     0x4  startup_stm32g474xx.o [1]
  .text              ro code   0x800'485c     0x4  startup_stm32g474xx.o [1]
  .text              ro code   0x800'4860     0x4  startup_stm32g474xx.o [1]
  .text              ro code   0x800'4864     0x4  startup_stm32g474xx.o [1]
  .text              ro code   0x800'4868     0x4  startup_stm32g474xx.o [1]
  .text              ro code   0x800'486c     0x4  startup_stm32g474xx.o [1]
  .text              ro code   0x800'4870     0x4  startup_stm32g474xx.o [1]
  .text              ro code   0x800'4874     0x4  startup_stm32g474xx.o [1]
  .text              ro code   0x800'4878     0x4  startup_stm32g474xx.o [1]
  .text              ro code   0x800'487c     0x4  startup_stm32g474xx.o [1]
  .text              ro code   0x800'4880     0x4  startup_stm32g474xx.o [1]
  .text              ro code   0x800'4884     0x4  startup_stm32g474xx.o [1]
  .text              ro code   0x800'4888     0x4  startup_stm32g474xx.o [1]
  .text              ro code   0x800'488c     0x4  startup_stm32g474xx.o [1]
  .text              ro code   0x800'4890     0x4  startup_stm32g474xx.o [1]
  .text              ro code   0x800'4894     0x4  startup_stm32g474xx.o [1]
  .text              ro code   0x800'4898     0x4  startup_stm32g474xx.o [1]
  .text              ro code   0x800'489c     0x4  startup_stm32g474xx.o [1]
  .text              ro code   0x800'48a0     0x2  fk_glb_vars.o [4]
  .rodata            const     0x800'48a2     0x0  zero_init3.o [12]
  .rodata            const     0x800'48a2     0x0  lz77_init_single.o [12]
  Initializer bytes  const     0x800'48a2   0x14e  <for P2-1>
                             - 0x800'49f0  0x4818

"P2", part 1 of 3:                          0x4e8
  P2-1                        0x2000'0000   0x4e8  <Init block>
    .data            inited   0x2000'0000     0xc  fk_glb_vars.o [4]
    .data            inited   0x2000'000c    0x18  fk_glb_vars.o [4]
    .data            inited   0x2000'0024   0x190  modbus_slave_glb_vars.o [6]
    .data            inited   0x2000'01b4   0x2a0  modbus_slave_glb_vars.o [6]
    .data            inited   0x2000'0454    0x80  modbus_slave_glb_vars.o [6]
    .data            inited   0x2000'04d4     0x8  pfc_glb_vars.o [7]
    .data            inited   0x2000'04dc     0x4  stm32g4xx_hal.o [9]
    .data            inited   0x2000'04e0     0x4  stm32g4xx_hal.o [9]
    .data            inited   0x2000'04e4     0x4  system_stm32g4xx.o [8]
                            - 0x2000'04e8   0x4e8

"P2", part 2 of 3:                          0x728
  .bss               zero     0x2000'04e8   0x100  modbus_slave_glb_vars.o [6]
  .bss               zero     0x2000'05e8    0xd0  pfc_glb_vars.o [7]
  .bss               zero     0x2000'06b8    0x90  fk_glb_vars.o [4]
  .bss               zero     0x2000'0748    0x90  fk_glb_vars.o [4]
  .bss               zero     0x2000'07d8    0x90  fk_glb_vars.o [4]
  .bss               zero     0x2000'0868    0x90  main.o [2]
  .bss               zero     0x2000'08f8    0x4c  fk_glb_vars.o [4]
  .bss               zero     0x2000'0944    0x4c  fk_glb_vars.o [4]
  .bss               zero     0x2000'0990    0x4c  fk_glb_vars.o [4]
  .bss               zero     0x2000'09dc    0x4c  fk_glb_vars.o [4]
  .bss               zero     0x2000'0a28    0x4c  fk_glb_vars.o [4]
  .bss               zero     0x2000'0a74    0x4c  fk_glb_vars.o [4]
  .bss               zero     0x2000'0ac0    0x4c  main.o [2]
  .bss               zero     0x2000'0b0c    0x4c  main.o [2]
  .bss               zero     0x2000'0b58    0x34  pfc_glb_vars.o [7]
  .bss               zero     0x2000'0b8c    0x20  pfc_glb_vars.o [7]
  .bss               zero     0x2000'0bac    0x14  fk_glb_vars.o [4]
  .bss               zero     0x2000'0bc0    0x10  hbtc_glb_vars.o [5]
  .bss               zero     0x2000'0bd0     0xc  fk_glb_vars.o [4]
  .bss               zero     0x2000'0bdc     0xc  fk_glb_vars.o [4]
  .bss               zero     0x2000'0be8     0x8  modbus_slave_glb_vars.o [6]
  .bss               zero     0x2000'0bf0     0x8  pfc_glb_vars.o [7]
  .bss               zero     0x2000'0bf8     0x4  fk_glb_vars.o [4]
  .bss               zero     0x2000'0bfc     0x4  modbus_slave_glb_vars.o [6]
  .bss               zero     0x2000'0c00     0x4  stm32g4xx_hal.o [9]
  .bss               zero     0x2000'0c04     0x2  modbus_slave_glb_vars.o [6]
  .bss               zero     0x2000'0c06     0x2  modbus_slave_glb_vars.o [6]
  .bss               zero     0x2000'0c08     0x2  modbus_slave_glb_vars.o [6]
  .bss               zero     0x2000'0c0a     0x2  modbus_slave_glb_vars.o [6]
  .bss               zero     0x2000'0c0c     0x1  hbtc_glb_vars.o [5]
  .bss               zero     0x2000'0c0d     0x1  modbus_slave_glb_vars.o [6]
  .bss               zero     0x2000'0c0e     0x1  modbus_slave_glb_vars.o [6]
                            - 0x2000'0c0f   0x727

"P2", part 3 of 3:                          0x400
  CSTACK                      0x2000'0c10   0x400  <Block>
    CSTACK           uninit   0x2000'0c10   0x400  <Block tail>
                            - 0x2000'1010   0x400

Unused ranges:

         From           To      Size
         ----           --      ----
   0x800'49f0   0x807'ffff  0x7'b610
  0x2000'1010  0x2001'ffff  0x1'eff0


*******************************************************************************
*** INIT TABLE
***

          Address      Size
          -------      ----
Zero (__iar_zero_init3)
    1 destination range, total size 0x727:
          0x2000'04e8  0x727

Copy/lz77 (__iar_lz77_init_single3)
    1 source range, total size 0x14e (26% of destination):
           0x800'48a2  0x14e
    1 destination range, total size 0x4e8:
          0x2000'0000  0x4e8



*******************************************************************************
*** MODULE SUMMARY
***

    Module                   ro code  ro data  rw data
    ------                   -------  -------  -------
command line/config:
    --------------------------------------------------
    Total:

F:\Ongoing Project\STM32G474_FKLibrary\EWARM\STM32G474_FKLibrary\Obj\Application\EWARM: [1]
    startup_stm32g474xx.o        880
    --------------------------------------------------
    Total:                       880

F:\Ongoing Project\STM32G474_FKLibrary\EWARM\STM32G474_FKLibrary\Obj\Application\User\Core: [2]
    main.o                       728               296
    stm32g4xx_hal_msp.o          320
    stm32g4xx_it.o               216
    --------------------------------------------------
    Total:                     1'264               296

F:\Ongoing Project\STM32G474_FKLibrary\EWARM\STM32G474_FKLibrary\Obj\Application\User\Module\CRC: [3]
    crc_drv.o                      2
    crc_glb_vars.o                 2
    crc_init.o                    12
    crc_task.o                    76
    --------------------------------------------------
    Total:                        92

F:\Ongoing Project\STM32G474_FKLibrary\EWARM\STM32G474_FKLibrary\Obj\Application\User\Module\FK: [4]
    fk_glb_vars.o                  2        9      972
    fk_task.o                    386
    --------------------------------------------------
    Total:                       388        9      972

F:\Ongoing Project\STM32G474_FKLibrary\EWARM\STM32G474_FKLibrary\Obj\Application\User\Module\HBTC: [5]
    hbtc_drv.o                    32
    hbtc_glb_vars.o               60                17
    hbtc_init.o                   12
    hbtc_task.o                  156
    --------------------------------------------------
    Total:                       260                17

F:\Ongoing Project\STM32G474_FKLibrary\EWARM\STM32G474_FKLibrary\Obj\Application\User\Module\MODBUS_SLAVE: [6]
    modbus_slave_drv.o           100
    modbus_slave_glb_vars.o       68    1'397    1'478
    modbus_slave_init.o          116
    modbus_slave_task.o        2'504
    --------------------------------------------------
    Total:                     2'788    1'397    1'478

F:\Ongoing Project\STM32G474_FKLibrary\EWARM\STM32G474_FKLibrary\Obj\Application\User\Module\PFC: [7]
    pfc_drv.o                     72
    pfc_glb_vars.o               528       94      308
    pfc_init.o                    52
    pfc_task.o                   108
    --------------------------------------------------
    Total:                       760       94      308

F:\Ongoing Project\STM32G474_FKLibrary\EWARM\STM32G474_FKLibrary\Obj\Drivers\CMSIS: [8]
    system_stm32g4xx.o            16       26        4
    --------------------------------------------------
    Total:                        16       26        4

F:\Ongoing Project\STM32G474_FKLibrary\EWARM\STM32G474_FKLibrary\Obj\Drivers\STM32G4xx_HAL_Driver: [9]
    stm32g4xx_hal.o              168        2       12
    stm32g4xx_hal_cortex.o       336
    stm32g4xx_hal_gpio.o         520
    stm32g4xx_hal_pwr_ex.o       276
    stm32g4xx_hal_rcc.o        2'068
    stm32g4xx_hal_rcc_ex.o       876
    stm32g4xx_hal_tim.o        1'500
    stm32g4xx_hal_tim_ex.o       238
    stm32g4xx_hal_uart.o       3'366       24
    stm32g4xx_hal_uart_ex.o      368       16
    --------------------------------------------------
    Total:                     9'716       42       12

dl7M_tlf.a: [10]
    exit.o                         4
    low_level_init.o               4
    --------------------------------------------------
    Total:                         8

m7M_tls.a: [11]
    fpinit_M.o                    34
    --------------------------------------------------
    Total:                        34

rt7M_tl.a: [12]
    ABImemcpy.o                  134
    ABImemset.o                  102
    I64DivMod.o                  560
    I64DivZer.o                    2
    cexit.o                       10
    cmain.o                       30
    cstartup_M.o                  28
    data_init.o                   40
    lz77_init_single.o           126
    zero_init3.o                  56
    --------------------------------------------------
    Total:                     1'088

shb_l.a: [13]
    exit.o                        20
    --------------------------------------------------
    Total:                        20

    Gaps                          12        2
    Linker created                         32    1'024
------------------------------------------------------
    Grand Total:              17'326    1'602    4'111


*******************************************************************************
*** ENTRY LIST
***

Entry                       Address   Size  Type      Object
-----                       -------   ----  ----      ------
.iar.init_table$$Base    0x800'45d0          --   Gb  - Linker created -
.iar.init_table$$Limit   0x800'45f0          --   Gb  - Linker created -
?main                    0x800'45f1         Code  Gb  cmain.o [12]
ADC1_2_IRQHandler        0x800'4761         Code  Wk  startup_stm32g474xx.o [1]
ADC3_IRQHandler          0x800'47c9         Code  Wk  startup_stm32g474xx.o [1]
ADC4_IRQHandler          0x800'4801         Code  Wk  startup_stm32g474xx.o [1]
ADC5_IRQHandler          0x800'4805         Code  Wk  startup_stm32g474xx.o [1]
AHBPrescTable            0x800'46b0   0x10  Data  Gb  system_stm32g4xx.o [8]
APBPrescTable            0x800'4710    0x8  Data  Gb  system_stm32g4xx.o [8]
BusFault_Handler         0x800'4463    0x2  Code  Gb  stm32g4xx_it.o [2]
COMP1_2_3_IRQHandler     0x800'480d         Code  Wk  startup_stm32g474xx.o [1]
COMP4_5_6_IRQHandler     0x800'4811         Code  Wk  startup_stm32g474xx.o [1]
COMP7_IRQHandler         0x800'4815         Code  Wk  startup_stm32g474xx.o [1]
CORDIC_IRQHandler        0x800'4899         Code  Wk  startup_stm32g474xx.o [1]
CRS_IRQHandler           0x800'4839         Code  Wk  startup_stm32g474xx.o [1]
CSTACK$$Base            0x2000'0c10          --   Gb  - Linker created -
CSTACK$$Limit           0x2000'1010          --   Gb  - Linker created -
DMA1_Channel1_IRQHandler
                         0x800'4745         Code  Wk  startup_stm32g474xx.o [1]
DMA1_Channel2_IRQHandler
                         0x800'4749         Code  Wk  startup_stm32g474xx.o [1]
DMA1_Channel3_IRQHandler
                         0x800'474d         Code  Wk  startup_stm32g474xx.o [1]
DMA1_Channel4_IRQHandler
                         0x800'4751         Code  Wk  startup_stm32g474xx.o [1]
DMA1_Channel5_IRQHandler
                         0x800'4755         Code  Wk  startup_stm32g474xx.o [1]
DMA1_Channel6_IRQHandler
                         0x800'4759         Code  Wk  startup_stm32g474xx.o [1]
DMA1_Channel7_IRQHandler
                         0x800'475d         Code  Wk  startup_stm32g474xx.o [1]
DMA1_Channel8_IRQHandler
                         0x800'4889         Code  Wk  startup_stm32g474xx.o [1]
DMA2_Channel1_IRQHandler
                         0x800'47ed         Code  Wk  startup_stm32g474xx.o [1]
DMA2_Channel2_IRQHandler
                         0x800'47f1         Code  Wk  startup_stm32g474xx.o [1]
DMA2_Channel3_IRQHandler
                         0x800'47f5         Code  Wk  startup_stm32g474xx.o [1]
DMA2_Channel4_IRQHandler
                         0x800'47f9         Code  Wk  startup_stm32g474xx.o [1]
DMA2_Channel5_IRQHandler
                         0x800'47fd         Code  Wk  startup_stm32g474xx.o [1]
DMA2_Channel6_IRQHandler
                         0x800'488d         Code  Wk  startup_stm32g474xx.o [1]
DMA2_Channel7_IRQHandler
                         0x800'4891         Code  Wk  startup_stm32g474xx.o [1]
DMA2_Channel8_IRQHandler
                         0x800'4895         Code  Wk  startup_stm32g474xx.o [1]
DMAMUX_OVR_IRQHandler    0x800'4881         Code  Wk  startup_stm32g474xx.o [1]
DebugMon_Handler         0x800'4469    0x2  Code  Gb  stm32g4xx_it.o [2]
EXTI0_IRQHandler         0x800'4731         Code  Wk  startup_stm32g474xx.o [1]
EXTI15_10_IRQHandler     0x800'47ad         Code  Wk  startup_stm32g474xx.o [1]
EXTI1_IRQHandler         0x800'4735         Code  Wk  startup_stm32g474xx.o [1]
EXTI2_IRQHandler         0x800'4739         Code  Wk  startup_stm32g474xx.o [1]
EXTI3_IRQHandler         0x800'473d         Code  Wk  startup_stm32g474xx.o [1]
EXTI4_IRQHandler         0x800'4741         Code  Wk  startup_stm32g474xx.o [1]
EXTI9_5_IRQHandler       0x800'4775         Code  Wk  startup_stm32g474xx.o [1]
Error_Handler            0x800'2419    0x4  Code  Gb  main.o [2]
FDCAN1_IT0_IRQHandler    0x800'476d         Code  Wk  startup_stm32g474xx.o [1]
FDCAN1_IT1_IRQHandler    0x800'4771         Code  Wk  startup_stm32g474xx.o [1]
FDCAN2_IT0_IRQHandler    0x800'4861         Code  Wk  startup_stm32g474xx.o [1]
FDCAN2_IT1_IRQHandler    0x800'4865         Code  Wk  startup_stm32g474xx.o [1]
FDCAN3_IT0_IRQHandler    0x800'4869         Code  Wk  startup_stm32g474xx.o [1]
FDCAN3_IT1_IRQHandler    0x800'486d         Code  Wk  startup_stm32g474xx.o [1]
FLASH_IRQHandler         0x800'4729         Code  Wk  startup_stm32g474xx.o [1]
FMAC_IRQHandler          0x800'489d         Code  Wk  startup_stm32g474xx.o [1]
FMC_IRQHandler           0x800'47cd         Code  Wk  startup_stm32g474xx.o [1]
FPU_IRQHandler           0x800'4851         Code  Wk  startup_stm32g474xx.o [1]
HAL_GPIO_Init            0x800'241d  0x1aa  Code  Gb  stm32g4xx_hal_gpio.o [9]
HAL_GPIO_TogglePin       0x800'25df   0x1a  Code  Gb  stm32g4xx_hal_gpio.o [9]
HAL_GPIO_WritePin        0x800'25c7   0x18  Code  Gb  stm32g4xx_hal_gpio.o [9]
HAL_GetTick              0x800'1a7d    0xc  Code  Wk  stm32g4xx_hal.o [9]
HAL_IncTick              0x800'4535   0x18  Code  Wk  stm32g4xx_hal.o [9]
HAL_Init                 0x800'2689   0x24  Code  Gb  stm32g4xx_hal.o [9]
HAL_InitTick             0x800'2625   0x60  Code  Wk  stm32g4xx_hal.o [9]
HAL_MspInit              0x800'0ef9   0x30  Code  Gb  stm32g4xx_hal_msp.o [2]
HAL_NVIC_EnableIRQ       0x800'1d37    0xe  Code  Gb  stm32g4xx_hal_cortex.o [9]
HAL_NVIC_SetPriority     0x800'1d13   0x24  Code  Gb  stm32g4xx_hal_cortex.o [9]
HAL_NVIC_SetPriorityGrouping
                         0x800'1d07    0xc  Code  Gb  stm32g4xx_hal_cortex.o [9]
HAL_PWREx_ControlVoltageScaling
                         0x800'1b0d   0xee  Code  Gb  stm32g4xx_hal_pwr_ex.o [9]
HAL_PWREx_DisableUCPDDeadBattery
                         0x800'1bfb    0xc  Code  Gb  stm32g4xx_hal_pwr_ex.o [9]
HAL_RCCEx_PeriphCLKConfig
                         0x800'1dd9  0x352  Code  Gb  stm32g4xx_hal_rcc_ex.o [9]
HAL_RCC_ClockConfig      0x800'1517  0x1ee  Code  Gb  stm32g4xx_hal_rcc.o [9]
HAL_RCC_GetHCLKFreq      0x800'1781    0x6  Code  Gb  stm32g4xx_hal_rcc.o [9]
HAL_RCC_GetPCLK1Freq     0x800'1787   0x1a  Code  Gb  stm32g4xx_hal_rcc.o [9]
HAL_RCC_GetPCLK2Freq     0x800'17a1   0x1a  Code  Gb  stm32g4xx_hal_rcc.o [9]
HAL_RCC_GetSysClockFreq
                         0x800'1705   0x7c  Code  Gb  stm32g4xx_hal_rcc.o [9]
HAL_RCC_OscConfig        0x800'1039  0x4de  Code  Gb  stm32g4xx_hal_rcc.o [9]
HAL_SYSTICK_Config       0x800'1d45    0xc  Code  Gb  stm32g4xx_hal_cortex.o [9]
HAL_TIMEx_Break2Callback
                         0x800'3507    0x2  Code  Wk  stm32g4xx_hal_tim_ex.o [9]
HAL_TIMEx_BreakCallback
                         0x800'3505    0x2  Code  Wk  stm32g4xx_hal_tim_ex.o [9]
HAL_TIMEx_CommutCallback
                         0x800'350b    0x2  Code  Wk  stm32g4xx_hal_tim_ex.o [9]
HAL_TIMEx_DirectionChangeCallback
                         0x800'350f    0x2  Code  Wk  stm32g4xx_hal_tim_ex.o [9]
HAL_TIMEx_EncoderIndexCallback
                         0x800'350d    0x2  Code  Wk  stm32g4xx_hal_tim_ex.o [9]
HAL_TIMEx_IndexErrorCallback
                         0x800'3511    0x2  Code  Wk  stm32g4xx_hal_tim_ex.o [9]
HAL_TIMEx_MasterConfigSynchronization
                         0x800'2dc9   0xc0  Code  Gb  stm32g4xx_hal_tim_ex.o [9]
HAL_TIMEx_TransitionErrorCallback
                         0x800'3513    0x2  Code  Wk  stm32g4xx_hal_tim_ex.o [9]
HAL_TIM_Base_Init        0x800'27f5   0x7a  Code  Gb  stm32g4xx_hal_tim.o [9]
HAL_TIM_Base_MspInit     0x800'0f29   0x60  Code  Gb  stm32g4xx_hal_msp.o [2]
HAL_TIM_Base_Start_IT    0x800'286f   0xa2  Code  Gb  stm32g4xx_hal_tim.o [9]
HAL_TIM_ConfigClockSource
                         0x800'2b3d  0x11e  Code  Gb  stm32g4xx_hal_tim.o [9]
HAL_TIM_IC_CaptureCallback
                         0x800'34fd    0x2  Code  Wk  stm32g4xx_hal_tim.o [9]
HAL_TIM_IRQHandler       0x800'2931  0x20c  Code  Gb  stm32g4xx_hal_tim.o [9]
HAL_TIM_OC_DelayElapsedCallback
                         0x800'34ff    0x2  Code  Wk  stm32g4xx_hal_tim.o [9]
HAL_TIM_PWM_PulseFinishedCallback
                         0x800'3501    0x2  Code  Wk  stm32g4xx_hal_tim.o [9]
HAL_TIM_PeriodElapsedCallback
                         0x800'3503    0x2  Code  Wk  stm32g4xx_hal_tim.o [9]
HAL_TIM_TriggerCallback
                         0x800'3509    0x2  Code  Wk  stm32g4xx_hal_tim.o [9]
HAL_UARTEx_DisableFifoMode
                         0x800'2ea9   0x46  Code  Gb  stm32g4xx_hal_uart_ex.o [9]
HAL_UARTEx_RxEventCallback
                         0x800'1a89    0x2  Code  Wk  stm32g4xx_hal_uart.o [9]
HAL_UARTEx_SetRxFifoThreshold
                         0x800'2f45   0x56  Code  Gb  stm32g4xx_hal_uart_ex.o [9]
HAL_UARTEx_SetTxFifoThreshold
                         0x800'2eef   0x56  Code  Gb  stm32g4xx_hal_uart_ex.o [9]
HAL_UART_ErrorCallback   0x800'1a8d    0x2  Code  Wk  stm32g4xx_hal_uart.o [9]
HAL_UART_Init            0x800'01d9   0x7e  Code  Gb  stm32g4xx_hal_uart.o [9]
HAL_UART_MspInit         0x800'0f89   0x98  Code  Gb  stm32g4xx_hal_msp.o [2]
HAL_UART_RxCpltCallback
                         0x800'1a8b    0x2  Code  Wk  stm32g4xx_hal_uart.o [9]
HRTIM1_FLT_IRQHandler    0x800'4831         Code  Wk  startup_stm32g474xx.o [1]
HRTIM1_Master_IRQHandler
                         0x800'4819         Code  Wk  startup_stm32g474xx.o [1]
HRTIM1_TIMA_IRQHandler   0x800'481d         Code  Wk  startup_stm32g474xx.o [1]
HRTIM1_TIMB_IRQHandler   0x800'4821         Code  Wk  startup_stm32g474xx.o [1]
HRTIM1_TIMC_IRQHandler   0x800'4825         Code  Wk  startup_stm32g474xx.o [1]
HRTIM1_TIMD_IRQHandler   0x800'4829         Code  Wk  startup_stm32g474xx.o [1]
HRTIM1_TIME_IRQHandler   0x800'482d         Code  Wk  startup_stm32g474xx.o [1]
HRTIM1_TIMF_IRQHandler   0x800'4835         Code  Wk  startup_stm32g474xx.o [1]
HardFault_Handler        0x800'445f    0x2  Code  Gb  stm32g4xx_it.o [2]
I2C1_ER_IRQHandler       0x800'4791         Code  Wk  startup_stm32g474xx.o [1]
I2C1_EV_IRQHandler       0x800'478d         Code  Wk  startup_stm32g474xx.o [1]
I2C2_ER_IRQHandler       0x800'4799         Code  Wk  startup_stm32g474xx.o [1]
I2C2_EV_IRQHandler       0x800'4795         Code  Wk  startup_stm32g474xx.o [1]
I2C3_ER_IRQHandler       0x800'487d         Code  Wk  startup_stm32g474xx.o [1]
I2C3_EV_IRQHandler       0x800'4879         Code  Wk  startup_stm32g474xx.o [1]
I2C4_ER_IRQHandler       0x800'4859         Code  Wk  startup_stm32g474xx.o [1]
I2C4_EV_IRQHandler       0x800'4855         Code  Wk  startup_stm32g474xx.o [1]
LPTIM1_IRQHandler        0x800'47d1         Code  Wk  startup_stm32g474xx.o [1]
LPUART1_IRQHandler       0x800'4875         Code  Wk  startup_stm32g474xx.o [1]
MX_GPIO_Init             0x800'2373   0x7a  Code  Lc  main.o [2]
MX_TIM3_Init             0x800'2213   0x78  Code  Lc  main.o [2]
MX_TIM4_Init             0x800'228b   0x78  Code  Lc  main.o [2]
MX_USART1_UART_Init      0x800'2303   0x70  Code  Lc  main.o [2]
MemManage_Handler        0x800'4461    0x2  Code  Gb  stm32g4xx_it.o [2]
NMI_Handler              0x800'445d    0x2  Code  Gb  stm32g4xx_it.o [2]
NVIC_EncodePriority      0x800'1c97   0x40  Code  Lc  stm32g4xx_hal_cortex.o [9]
PVD_PVM_IRQHandler       0x800'471d         Code  Wk  startup_stm32g474xx.o [1]
PendSV_Handler           0x800'446b    0x2  Code  Gb  stm32g4xx_it.o [2]
QUADSPI_IRQHandler       0x800'4885         Code  Wk  startup_stm32g474xx.o [1]
RCC_GetSysClockFreqFromPLLSource
                         0x800'17bb   0x46  Code  Lc  stm32g4xx_hal_rcc.o [9]
RCC_IRQHandler           0x800'472d         Code  Wk  startup_stm32g474xx.o [1]
RNG_IRQHandler           0x800'4871         Code  Wk  startup_stm32g474xx.o [1]
RTC_Alarm_IRQHandler     0x800'47b1         Code  Wk  startup_stm32g474xx.o [1]
RTC_TAMP_LSECSS_IRQHandler
                         0x800'4721         Code  Wk  startup_stm32g474xx.o [1]
RTC_WKUP_IRQHandler      0x800'4725         Code  Wk  startup_stm32g474xx.o [1]
Region$$Table$$Base      0x800'45d0          --   Gb  - Linker created -
Region$$Table$$Limit     0x800'45f0          --   Gb  - Linker created -
Reset_Handler            0x800'46c1         Code  Wk  startup_stm32g474xx.o [1]
SAI1_IRQHandler          0x800'483d         Code  Wk  startup_stm32g474xx.o [1]
SPI1_IRQHandler          0x800'479d         Code  Wk  startup_stm32g474xx.o [1]
SPI2_IRQHandler          0x800'47a1         Code  Wk  startup_stm32g474xx.o [1]
SPI3_IRQHandler          0x800'47d9         Code  Wk  startup_stm32g474xx.o [1]
SPI4_IRQHandler          0x800'485d         Code  Wk  startup_stm32g474xx.o [1]
SVC_Handler              0x800'4467    0x2  Code  Gb  stm32g4xx_it.o [2]
SysTick_Config           0x800'1cd7   0x30  Code  Lc  stm32g4xx_hal_cortex.o [9]
SysTick_Handler          0x800'446d    0x8  Code  Gb  stm32g4xx_it.o [2]
SystemClock_Config       0x800'218f   0x84  Code  Gb  main.o [2]
SystemCoreClock         0x2000'04e4    0x4  Data  Gb  system_stm32g4xx.o [8]
SystemInit               0x800'46d1    0xc  Code  Gb  system_stm32g4xx.o [8]
TIM1_BRK_TIM15_IRQHandler
                         0x800'4779         Code  Wk  startup_stm32g474xx.o [1]
TIM1_CC_IRQHandler       0x800'4785         Code  Wk  startup_stm32g474xx.o [1]
TIM1_TRG_COM_TIM17_IRQHandler
                         0x800'4781         Code  Wk  startup_stm32g474xx.o [1]
TIM1_UP_TIM16_IRQHandler
                         0x800'477d         Code  Wk  startup_stm32g474xx.o [1]
TIM20_BRK_IRQHandler     0x800'4841         Code  Wk  startup_stm32g474xx.o [1]
TIM20_CC_IRQHandler      0x800'484d         Code  Wk  startup_stm32g474xx.o [1]
TIM20_TRG_COM_IRQHandler
                         0x800'4849         Code  Wk  startup_stm32g474xx.o [1]
TIM20_UP_IRQHandler      0x800'4845         Code  Wk  startup_stm32g474xx.o [1]
TIM2_IRQHandler          0x800'4789         Code  Wk  startup_stm32g474xx.o [1]
TIM3_IRQHandler          0x800'4475    0xa  Code  Gb  stm32g4xx_it.o [2]
TIM4_IRQHandler          0x800'447f   0x2a  Code  Gb  stm32g4xx_it.o [2]
TIM5_IRQHandler          0x800'47d5         Code  Wk  startup_stm32g474xx.o [1]
TIM6_DAC_IRQHandler      0x800'47e5         Code  Wk  startup_stm32g474xx.o [1]
TIM7_DAC_IRQHandler      0x800'47e9         Code  Wk  startup_stm32g474xx.o [1]
TIM8_BRK_IRQHandler      0x800'47b9         Code  Wk  startup_stm32g474xx.o [1]
TIM8_CC_IRQHandler       0x800'47c5         Code  Wk  startup_stm32g474xx.o [1]
TIM8_TRG_COM_IRQHandler
                         0x800'47c1         Code  Wk  startup_stm32g474xx.o [1]
TIM8_UP_IRQHandler       0x800'47bd         Code  Wk  startup_stm32g474xx.o [1]
TIM_Base_SetConfig       0x800'2c5d   0xcc  Code  Gb  stm32g4xx_hal_tim.o [9]
TIM_ETR_SetConfig        0x800'2db1   0x16  Code  Gb  stm32g4xx_hal_tim.o [9]
TIM_ITRx_SetConfig       0x800'2d8f   0x10  Code  Lc  stm32g4xx_hal_tim.o [9]
TIM_TI1_ConfigInputStage
                         0x800'2d45   0x24  Code  Lc  stm32g4xx_hal_tim.o [9]
TIM_TI2_ConfigInputStage
                         0x800'2d69   0x26  Code  Lc  stm32g4xx_hal_tim.o [9]
UART4_IRQHandler         0x800'47dd         Code  Wk  startup_stm32g474xx.o [1]
UART5_IRQHandler         0x800'47e1         Code  Wk  startup_stm32g474xx.o [1]
UARTEx_SetNbDataToProcess
                         0x800'2f9b   0x76  Code  Lc  stm32g4xx_hal_uart_ex.o [9]
UARTEx_SetNbDataToProcess::denominator
                         0x800'4708    0x8  Data  Lc  stm32g4xx_hal_uart_ex.o [9]
UARTEx_SetNbDataToProcess::numerator
                         0x800'4700    0x8  Data  Lc  stm32g4xx_hal_uart_ex.o [9]
UARTPrescTable           0x800'4654   0x18  Data  Gb  stm32g4xx_hal_uart.o [9]
UART_AdvFeatureConfig    0x800'0613   0xda  Code  Gb  stm32g4xx_hal_uart.o [9]
UART_CheckIdleState      0x800'06ed   0x72  Code  Gb  stm32g4xx_hal_uart.o [9]
UART_RxISR_16BIT         0x800'0aa5   0xc4  Code  Lc  stm32g4xx_hal_uart.o [9]
UART_RxISR_16BIT_FIFOEN
                         0x800'0d29  0x1c2  Code  Lc  stm32g4xx_hal_uart.o [9]
UART_RxISR_8BIT          0x800'09e1   0xc2  Code  Lc  stm32g4xx_hal_uart.o [9]
UART_RxISR_8BIT_FIFOEN   0x800'0b69  0x1be  Code  Lc  stm32g4xx_hal_uart.o [9]
UART_SetConfig           0x800'0257  0x3ba  Code  Gb  stm32g4xx_hal_uart.o [9]
UART_Start_Receive_IT    0x800'084f  0x166  Code  Gb  stm32g4xx_hal_uart.o [9]
UART_WaitOnFlagUntilTimeout
                         0x800'075f   0xf0  Code  Gb  stm32g4xx_hal_uart.o [9]
UCPD1_IRQHandler         0x800'4809         Code  Wk  startup_stm32g474xx.o [1]
USART1_IRQHandler        0x800'44a9   0x6e  Code  Gb  stm32g4xx_it.o [2]
USART2_IRQHandler        0x800'47a5         Code  Wk  startup_stm32g474xx.o [1]
USART3_IRQHandler        0x800'47a9         Code  Wk  startup_stm32g474xx.o [1]
USBWakeUp_IRQHandler     0x800'47b5         Code  Wk  startup_stm32g474xx.o [1]
USB_HP_IRQHandler        0x800'4765         Code  Wk  startup_stm32g474xx.o [1]
USB_LP_IRQHandler        0x800'4769         Code  Wk  startup_stm32g474xx.o [1]
UsageFault_Handler       0x800'4465    0x2  Code  Gb  stm32g4xx_it.o [2]
WWDG_IRQHandler          0x800'4719         Code  Wk  startup_stm32g474xx.o [1]
__NVIC_EnableIRQ         0x800'1c4d   0x1e  Code  Lc  stm32g4xx_hal_cortex.o [9]
__NVIC_GetPriorityGrouping
                         0x800'1c43    0xa  Code  Lc  stm32g4xx_hal_cortex.o [9]
__NVIC_SetPriority       0x800'1c6b   0x2c  Code  Lc  stm32g4xx_hal_cortex.o [9]
__NVIC_SetPriorityGrouping
                         0x800'1c21   0x22  Code  Lc  stm32g4xx_hal_cortex.o [9]
__aeabi_ldiv0            0x800'2685         Code  Gb  I64DivZer.o [12]
__aeabi_memcpy4          0x800'26ad         Code  Gb  ABImemcpy.o [12]
__aeabi_memcpy8          0x800'26ad         Code  Gb  ABImemcpy.o [12]
__aeabi_memset           0x800'1d71         Code  Gb  ABImemset.o [12]
__aeabi_uldivmod         0x800'184d         Code  Gb  I64DivMod.o [12]
__cmain                  0x800'45f1         Code  Gb  cmain.o [12]
__exit                   0x800'4625   0x14  Code  Gb  exit.o [13]
__iar_Memset             0x800'1d71         Code  Gb  ABImemset.o [12]
__iar_Memset_word        0x800'1d79         Code  Gb  ABImemset.o [12]
__iar_data_init3         0x800'4585   0x28  Code  Gb  data_init.o [12]
__iar_init_vfp           0x800'45ad         Code  Gb  fpinit_M.o [11]
__iar_lz77_init_single3
                         0x800'1a8f   0x7e  Code  Gb  lz77_init_single.o [12]
__iar_program_start      0x800'4639         Code  Gb  cstartup_M.o [12]
__iar_zero_init3         0x800'454d   0x38  Code  Gb  zero_init3.o [12]
__low_level_init         0x800'460f    0x4  Code  Gb  low_level_init.o [10]
__vector_table           0x800'0000         Data  Gb  startup_stm32g474xx.o [1]
_call_main               0x800'45fd         Code  Gb  cmain.o [12]
_exit                    0x800'4619         Code  Gb  cexit.o [12]
crc_generate             0x800'3fe5   0x4c  Code  Gb  crc_task.o [3]
crc_glb_vars_init        0x800'34fb    0x2  Code  Gb  crc_glb_vars.o [3]
crc_init                 0x800'27e9    0xc  Code  Gb  crc_init.o [3]
crc_sfr_init             0x800'34f9    0x2  Code  Gb  crc_drv.o [3]
exit                     0x800'4613    0x4  Code  Gb  exit.o [10]
fk_hal_uart_init         0x800'332b   0xb0  Code  Gb  fk_task.o [4]
fk_i2c1_hw_check_timeout_func
                         0x800'33f1    0x2  Code  Gb  fk_task.o [4]
fk_null                  0x800'48a1    0x2  Code  Gb  fk_glb_vars.o [4]
fk_read_flash            0x800'3277   0x20  Code  Gb  fk_task.o [4]
fk_tim2                 0x2000'08f8   0x4c  Data  Gb  fk_glb_vars.o [4]
fk_tim3                 0x2000'0944   0x4c  Data  Gb  fk_glb_vars.o [4]
fk_tim4                 0x2000'0990   0x4c  Data  Gb  fk_glb_vars.o [4]
fk_tim5                 0x2000'09dc   0x4c  Data  Gb  fk_glb_vars.o [4]
fk_tim6                 0x2000'0a28   0x4c  Data  Gb  fk_glb_vars.o [4]
fk_tim7                 0x2000'0a74   0x4c  Data  Gb  fk_glb_vars.o [4]
fk_timer_interrupt_enable
                         0x800'3297   0x94  Code  Gb  fk_task.o [4]
fk_usart1               0x2000'06b8   0x90  Data  Gb  fk_glb_vars.o [4]
fk_usart2               0x2000'0748   0x90  Data  Gb  fk_glb_vars.o [4]
fk_usart3               0x2000'07d8   0x90  Data  Gb  fk_glb_vars.o [4]
fk_write_flash           0x800'3271    0x6  Code  Gb  fk_task.o [4]
gb_hbtc_status          0x2000'0c0c    0x1  Data  Gb  hbtc_glb_vars.o [5]
gb_modbus_slave_buffer  0x2000'04e8  0x100  Data  Gb  modbus_slave_glb_vars.o [6]
gb_modbus_slave_char_ptr
                        0x2000'0c08    0x2  Data  Gb  modbus_slave_glb_vars.o [6]
gb_modbus_slave_ptr     0x2000'0c04    0x2  Data  Gb  modbus_slave_glb_vars.o [6]
gb_modbus_slave_reset_value
                        0x2000'0c0d    0x1  Data  Gb  modbus_slave_glb_vars.o [6]
gb_modbus_slave_response_length
                        0x2000'0c06    0x2  Data  Gb  modbus_slave_glb_vars.o [6]
gb_modbus_slave_state   0x2000'0c0e    0x1  Data  Gb  modbus_slave_glb_vars.o [6]
gfunc_fk_timer_interrupt
                        0x2000'0bac   0x14  Data  Gb  fk_glb_vars.o [4]
gfunc_fk_uart_rx_func   0x2000'0bdc    0xc  Data  Gb  fk_glb_vars.o [4]
gfunc_fk_uart_tx_func   0x2000'0bd0    0xc  Data  Gb  fk_glb_vars.o [4]
gl_hbtc_timer           0x2000'0bc0   0x10  Data  Gb  hbtc_glb_vars.o [5]
gs_fk_interrupt_list    0x2000'0bf8    0x4  Data  Gb  fk_glb_vars.o [4]
gs_modbus_slave_error_package
                        0x2000'0be8    0x8  Data  Gb  modbus_slave_glb_vars.o [6]
gs_modbus_slave_package_ptr
                        0x2000'0bfc    0x4  Data  Gb  modbus_slave_glb_vars.o [6]
gs_pfc_auto_id          0x2000'04d4    0x8  Data  Gb  pfc_glb_vars.o [7]
gs_pfc_factory          0x2000'0bf0    0x8  Data  Gb  pfc_glb_vars.o [7]
gs_pfc_status           0x2000'0b58   0x34  Data  Gb  pfc_glb_vars.o [7]
gs_pfc_timer            0x2000'0b8c   0x20  Data  Gb  pfc_glb_vars.o [7]
gs_pfc_vars             0x2000'05e8   0xd0  Data  Gb  pfc_glb_vars.o [7]
gt_fk_timer_handle      0x2000'000c   0x18  Data  Gb  fk_glb_vars.o [4]
gt_fk_usart_handle      0x2000'0000    0xc  Data  Gb  fk_glb_vars.o [4]
gt_modbus_slave_ddf_file
                         0x800'4030  0x29c  Data  Gb  modbus_slave_glb_vars.o [6]
gt_modbus_slave_fine_tek_id
                         0x800'46f8    0x8  Data  Gb  modbus_slave_glb_vars.o [6]
gt_modbus_slave_header  0x2000'0454   0x80  Data  Gb  modbus_slave_glb_vars.o [6]
gt_modbus_slave_read_write
                        0x2000'01b4  0x2a0  Data  Gb  modbus_slave_glb_vars.o [6]
gt_modbus_slave_readonly
                        0x2000'0024  0x190  Data  Gb  modbus_slave_glb_vars.o [6]
gt_modbus_slave_valid_function
                         0x800'42cc  0x190  Data  Gb  modbus_slave_glb_vars.o [6]
gw_modbus_slave_reverse
                        0x2000'0c0a    0x2  Data  Gb  modbus_slave_glb_vars.o [6]
gw_modbus_slave_unit_type
                         0x800'1dd6    0x2  Data  Gb  modbus_slave_glb_vars.o [6]
hbtc_glb_vars_init       0x800'3415   0x3c  Code  Gb  hbtc_glb_vars.o [5]
hbtc_init                0x800'2769    0xc  Code  Gb  hbtc_init.o [5]
hbtc_set_timer           0x800'3f49   0x20  Code  Gb  hbtc_task.o [5]
hbtc_sfr_init            0x800'33f5   0x20  Code  Gb  hbtc_drv.o [5]
hbtc_timer_isr           0x800'3f69   0x70  Code  Gb  hbtc_task.o [5]
htim3                   0x2000'0ac0   0x4c  Data  Gb  main.o [2]
htim4                   0x2000'0b0c   0x4c  Data  Gb  main.o [2]
huart1                  0x2000'0868   0x90  Data  Gb  main.o [2]
main                     0x800'2145   0x4a  Code  Gb  main.o [2]
modbus_slave_glb_vars_init
                         0x800'34b5   0x44  Code  Gb  modbus_slave_glb_vars.o [6]
modbus_slave_go_back_stop
                         0x800'3cf9   0x12  Code  Gb  modbus_slave_task.o [6]
modbus_slave_init        0x800'2775   0x74  Code  Gb  modbus_slave_init.o [6]
modbus_slave_null_func   0x800'3c9f    0x2  Code  Gb  modbus_slave_task.o [6]
modbus_slave_read_input_registers
                         0x800'3853  0x2ac  Code  Gb  modbus_slave_task.o [6]
modbus_slave_receiving_and_checking
                         0x800'3aff  0x1a0  Code  Gb  modbus_slave_task.o [6]
modbus_slave_sending     0x800'3ca1   0x58  Code  Gb  modbus_slave_task.o [6]
modbus_slave_sfr_init    0x800'3451   0x64  Code  Gb  modbus_slave_drv.o [6]
modbus_slave_timeout_isr
                         0x800'3d0d  0x1ee  Code  Gb  modbus_slave_task.o [6]
modbus_slave_write_multi_register
                         0x800'3581  0x21c  Code  Gb  modbus_slave_task.o [6]
modbus_slave_write_single_register
                         0x800'379d   0xb6  Code  Gb  modbus_slave_task.o [6]
pfc_1ms_interrupt_func   0x800'3539   0x44  Code  Gb  pfc_task.o [7]
pfc_glb_vars_init        0x800'316f   0xde  Code  Gb  pfc_glb_vars.o [7]
pfc_glb_vars_load_default
                         0x800'309d   0xd2  Code  Gb  pfc_glb_vars.o [7]
pfc_glb_vars_load_factory
                         0x800'3083   0x1a  Code  Gb  pfc_glb_vars.o [7]
pfc_init                 0x800'2735   0x34  Code  Gb  pfc_init.o [7]
pfc_make_zero_checksum   0x800'3515   0x24  Code  Gb  pfc_task.o [7]
pfc_sfr_init             0x800'3019   0x48  Code  Gb  pfc_drv.o [7]
pfc_strcpy               0x800'3061   0x22  Code  Gb  pfc_glb_vars.o [7]
uwTick                  0x2000'0c00    0x4  Data  Gb  stm32g4xx_hal.o [9]
uwTickFreq              0x2000'04e0    0x4  Data  Gb  stm32g4xx_hal.o [9]
uwTickPrio              0x2000'04dc    0x4  Data  Gb  stm32g4xx_hal.o [9]


[1] = F:\Ongoing Project\STM32G474_FKLibrary\EWARM\STM32G474_FKLibrary\Obj\Application\EWARM
[2] = F:\Ongoing Project\STM32G474_FKLibrary\EWARM\STM32G474_FKLibrary\Obj\Application\User\Core
[3] = F:\Ongoing Project\STM32G474_FKLibrary\EWARM\STM32G474_FKLibrary\Obj\Application\User\Module\CRC
[4] = F:\Ongoing Project\STM32G474_FKLibrary\EWARM\STM32G474_FKLibrary\Obj\Application\User\Module\FK
[5] = F:\Ongoing Project\STM32G474_FKLibrary\EWARM\STM32G474_FKLibrary\Obj\Application\User\Module\HBTC
[6] = F:\Ongoing Project\STM32G474_FKLibrary\EWARM\STM32G474_FKLibrary\Obj\Application\User\Module\MODBUS_SLAVE
[7] = F:\Ongoing Project\STM32G474_FKLibrary\EWARM\STM32G474_FKLibrary\Obj\Application\User\Module\PFC
[8] = F:\Ongoing Project\STM32G474_FKLibrary\EWARM\STM32G474_FKLibrary\Obj\Drivers\CMSIS
[9] = F:\Ongoing Project\STM32G474_FKLibrary\EWARM\STM32G474_FKLibrary\Obj\Drivers\STM32G4xx_HAL_Driver
[10] = dl7M_tlf.a
[11] = m7M_tls.a
[12] = rt7M_tl.a
[13] = shb_l.a

  17'326 bytes of readonly  code memory
   1'602 bytes of readonly  data memory
   4'111 bytes of readwrite data memory

Errors: none
Warnings: none
